<?xml version="1.0" encoding="ISO-8859-1" ?>
<link_info>
   <banner>TI ARM Linker PC v20.2.7.LTS</banner>
   <copyright>Copyright (c) 1996-2018 Texas Instruments Incorporated</copyright>
   <link_time>0x66206ecb</link_time>
   <link_errors>0x0</link_errors>
   <output_file>LightCntrPrj.out</output_file>
   <entry_point>
      <name>_c_int00_noargs</name>
      <address>0x18f9</address>
   </entry_point>
   <input_file_list>
      <input_file id="fl-2">
         <path>.\</path>
         <kind>object</kind>
         <file>ADC0.obj</file>
         <name>ADC0.obj</name>
      </input_file>
      <input_file id="fl-3">
         <path>.\</path>
         <kind>object</kind>
         <file>DigCntrTimer.obj</file>
         <name>DigCntrTimer.obj</name>
      </input_file>
      <input_file id="fl-4">
         <path>.\</path>
         <kind>object</kind>
         <file>GlobalsAndDefines.obj</file>
         <name>GlobalsAndDefines.obj</name>
      </input_file>
      <input_file id="fl-5">
         <path>.\</path>
         <kind>object</kind>
         <file>MovAvgFilter.obj</file>
         <name>MovAvgFilter.obj</name>
      </input_file>
      <input_file id="fl-6">
         <path>.\</path>
         <kind>object</kind>
         <file>PICntr.obj</file>
         <name>PICntr.obj</name>
      </input_file>
      <input_file id="fl-7">
         <path>.\</path>
         <kind>object</kind>
         <file>PWM.obj</file>
         <name>PWM.obj</name>
      </input_file>
      <input_file id="fl-8">
         <path>.\</path>
         <kind>object</kind>
         <file>TMP102.obj</file>
         <name>TMP102.obj</name>
      </input_file>
      <input_file id="fl-9">
         <path>.\</path>
         <kind>object</kind>
         <file>UARTSetup.obj</file>
         <name>UARTSetup.obj</name>
      </input_file>
      <input_file id="fl-a">
         <path>.\</path>
         <kind>object</kind>
         <file>UARTcomm.obj</file>
         <name>UARTcomm.obj</name>
      </input_file>
      <input_file id="fl-b">
         <path>.\</path>
         <kind>object</kind>
         <file>initialization.obj</file>
         <name>initialization.obj</name>
      </input_file>
      <input_file id="fl-c">
         <path>.\</path>
         <kind>object</kind>
         <file>main.obj</file>
         <name>main.obj</name>
      </input_file>
      <input_file id="fl-d">
         <path>.\</path>
         <kind>object</kind>
         <file>tm4c123gh6pm_startup_ccs.obj</file>
         <name>tm4c123gh6pm_startup_ccs.obj</name>
      </input_file>
      <input_file id="fl-e">
         <path>.\</path>
         <kind>object</kind>
         <file>uartstdio.obj</file>
         <name>uartstdio.obj</name>
      </input_file>
      <input_file id="fl-13">
         <kind>object</kind>
         <file>&lt;internal&gt;</file>
         <name>&lt;internal&gt;</name>
      </input_file>
      <input_file id="fl-14">
         <path>C:\ti\TivaWare_C_Series-2.2.0.295\driverlib\ccs\Debug\</path>
         <kind>archive</kind>
         <file>driverlib.lib</file>
         <name>adc.obj</name>
      </input_file>
      <input_file id="fl-15">
         <path>C:\ti\TivaWare_C_Series-2.2.0.295\driverlib\ccs\Debug\</path>
         <kind>archive</kind>
         <file>driverlib.lib</file>
         <name>gpio.obj</name>
      </input_file>
      <input_file id="fl-16">
         <path>C:\ti\TivaWare_C_Series-2.2.0.295\driverlib\ccs\Debug\</path>
         <kind>archive</kind>
         <file>driverlib.lib</file>
         <name>i2c.obj</name>
      </input_file>
      <input_file id="fl-17">
         <path>C:\ti\TivaWare_C_Series-2.2.0.295\driverlib\ccs\Debug\</path>
         <kind>archive</kind>
         <file>driverlib.lib</file>
         <name>interrupt.obj</name>
      </input_file>
      <input_file id="fl-18">
         <path>C:\ti\TivaWare_C_Series-2.2.0.295\driverlib\ccs\Debug\</path>
         <kind>archive</kind>
         <file>driverlib.lib</file>
         <name>pwm.obj</name>
      </input_file>
      <input_file id="fl-19">
         <path>C:\ti\TivaWare_C_Series-2.2.0.295\driverlib\ccs\Debug\</path>
         <kind>archive</kind>
         <file>driverlib.lib</file>
         <name>sysctl.obj</name>
      </input_file>
      <input_file id="fl-1a">
         <path>C:\ti\TivaWare_C_Series-2.2.0.295\driverlib\ccs\Debug\</path>
         <kind>archive</kind>
         <file>driverlib.lib</file>
         <name>uart.obj</name>
      </input_file>
      <input_file id="fl-1b">
         <path>C:\ti\TivaWare_C_Series-2.2.0.295\driverlib\ccs\Debug\</path>
         <kind>archive</kind>
         <file>driverlib.lib</file>
         <name>cpu.obj</name>
      </input_file>
      <input_file id="fl-d1">
         <path>C:\ti\ccs1260\ccs\tools\compiler\ti-cgt-arm_20.2.7.LTS\lib\</path>
         <kind>archive</kind>
         <file>rtsv7M4_T_le_v4SPD16_eabi.lib</file>
         <name>fd_add_t2.asm.obj</name>
      </input_file>
      <input_file id="fl-d2">
         <path>C:\ti\ccs1260\ccs\tools\compiler\ti-cgt-arm_20.2.7.LTS\lib\</path>
         <kind>archive</kind>
         <file>rtsv7M4_T_le_v4SPD16_eabi.lib</file>
         <name>fd_mul_t2.asm.obj</name>
      </input_file>
      <input_file id="fl-d3">
         <path>C:\ti\ccs1260\ccs\tools\compiler\ti-cgt-arm_20.2.7.LTS\lib\</path>
         <kind>archive</kind>
         <file>rtsv7M4_T_le_v4SPD16_eabi.lib</file>
         <name>fd_tos_t2.asm.obj</name>
      </input_file>
      <input_file id="fl-d4">
         <path>C:\ti\ccs1260\ccs\tools\compiler\ti-cgt-arm_20.2.7.LTS\lib\</path>
         <kind>archive</kind>
         <file>rtsv7M4_T_le_v4SPD16_eabi.lib</file>
         <name>fd_tou_t2.asm.obj</name>
      </input_file>
      <input_file id="fl-d5">
         <path>C:\ti\ccs1260\ccs\tools\compiler\ti-cgt-arm_20.2.7.LTS\lib\</path>
         <kind>archive</kind>
         <file>rtsv7M4_T_le_v4SPD16_eabi.lib</file>
         <name>fs_tod_t2.asm.obj</name>
      </input_file>
      <input_file id="fl-d6">
         <path>C:\ti\ccs1260\ccs\tools\compiler\ti-cgt-arm_20.2.7.LTS\lib\</path>
         <kind>archive</kind>
         <file>rtsv7M4_T_le_v4SPD16_eabi.lib</file>
         <name>i_tofd_t2.asm.obj</name>
      </input_file>
      <input_file id="fl-d7">
         <path>C:\ti\ccs1260\ccs\tools\compiler\ti-cgt-arm_20.2.7.LTS\lib\</path>
         <kind>archive</kind>
         <file>rtsv7M4_T_le_v4SPD16_eabi.lib</file>
         <name>u_divt2.asm.obj</name>
      </input_file>
      <input_file id="fl-d8">
         <path>C:\ti\ccs1260\ccs\tools\compiler\ti-cgt-arm_20.2.7.LTS\lib\</path>
         <kind>archive</kind>
         <file>rtsv7M4_T_le_v4SPD16_eabi.lib</file>
         <name>copy_zero_init.c.obj</name>
      </input_file>
      <input_file id="fl-d9">
         <path>C:\ti\ccs1260\ccs\tools\compiler\ti-cgt-arm_20.2.7.LTS\lib\</path>
         <kind>archive</kind>
         <file>rtsv7M4_T_le_v4SPD16_eabi.lib</file>
         <name>copy_decompress_none.c.obj</name>
      </input_file>
      <input_file id="fl-da">
         <path>C:\ti\ccs1260\ccs\tools\compiler\ti-cgt-arm_20.2.7.LTS\lib\</path>
         <kind>archive</kind>
         <file>rtsv7M4_T_le_v4SPD16_eabi.lib</file>
         <name>copy_decompress_lzss.c.obj</name>
      </input_file>
      <input_file id="fl-db">
         <path>C:\ti\ccs1260\ccs\tools\compiler\ti-cgt-arm_20.2.7.LTS\lib\</path>
         <kind>archive</kind>
         <file>rtsv7M4_T_le_v4SPD16_eabi.lib</file>
         <name>boot_cortex_m.c.obj</name>
      </input_file>
      <input_file id="fl-dc">
         <path>C:\ti\ccs1260\ccs\tools\compiler\ti-cgt-arm_20.2.7.LTS\lib\</path>
         <kind>archive</kind>
         <file>rtsv7M4_T_le_v4SPD16_eabi.lib</file>
         <name>div0.asm.obj</name>
      </input_file>
      <input_file id="fl-dd">
         <path>C:\ti\ccs1260\ccs\tools\compiler\ti-cgt-arm_20.2.7.LTS\lib\</path>
         <kind>archive</kind>
         <file>rtsv7M4_T_le_v4SPD16_eabi.lib</file>
         <name>memcpy_t2.asm.obj</name>
      </input_file>
      <input_file id="fl-de">
         <path>C:\ti\ccs1260\ccs\tools\compiler\ti-cgt-arm_20.2.7.LTS\lib\</path>
         <kind>archive</kind>
         <file>rtsv7M4_T_le_v4SPD16_eabi.lib</file>
         <name>memset_t2.asm.obj</name>
      </input_file>
      <input_file id="fl-df">
         <path>C:\ti\ccs1260\ccs\tools\compiler\ti-cgt-arm_20.2.7.LTS\lib\</path>
         <kind>archive</kind>
         <file>rtsv7M4_T_le_v4SPD16_eabi.lib</file>
         <name>autoinit.c.obj</name>
      </input_file>
      <input_file id="fl-e0">
         <path>C:\ti\ccs1260\ccs\tools\compiler\ti-cgt-arm_20.2.7.LTS\lib\</path>
         <kind>archive</kind>
         <file>rtsv7M4_T_le_v4SPD16_eabi.lib</file>
         <name>pre_init.c.obj</name>
      </input_file>
      <input_file id="fl-e1">
         <path>C:\ti\ccs1260\ccs\tools\compiler\ti-cgt-arm_20.2.7.LTS\lib\</path>
         <kind>archive</kind>
         <file>rtsv7M4_T_le_v4SPD16_eabi.lib</file>
         <name>cpy_tbl.c.obj</name>
      </input_file>
      <input_file id="fl-e2">
         <path>C:\ti\ccs1260\ccs\tools\compiler\ti-cgt-arm_20.2.7.LTS\lib\</path>
         <kind>archive</kind>
         <file>rtsv7M4_T_le_v4SPD16_eabi.lib</file>
         <name>exit.c.obj</name>
      </input_file>
      <input_file id="fl-e3">
         <path>C:\ti\ccs1260\ccs\tools\compiler\ti-cgt-arm_20.2.7.LTS\lib\</path>
         <kind>archive</kind>
         <file>rtsv7M4_T_le_v4SPD16_eabi.lib</file>
         <name>_lock.c.obj</name>
      </input_file>
      <input_file id="fl-e4">
         <path>C:\ti\ccs1260\ccs\tools\compiler\ti-cgt-arm_20.2.7.LTS\lib\</path>
         <kind>archive</kind>
         <file>rtsv7M4_T_le_v4SPD16_eabi.lib</file>
         <name>args_main.c.obj</name>
      </input_file>
   </input_file_list>
   <object_component_list>
      <object_component id="oc-12">
         <name>.intvecs</name>
         <load_address>0x0</load_address>
         <run_address>0x0</run_address>
         <size>0x26c</size>
         <input_file_ref idref="fl-d"/>
      </object_component>
      <object_component id="oc-aa">
         <name>.text</name>
         <load_address>0x26c</load_address>
         <run_address>0x26c</run_address>
         <size>0x4a8</size>
         <input_file_ref idref="fl-e"/>
      </object_component>
      <object_component id="oc-27a">
         <name>.text</name>
         <load_address>0x714</load_address>
         <run_address>0x714</run_address>
         <size>0x1b6</size>
         <input_file_ref idref="fl-d1"/>
      </object_component>
      <object_component id="oc-20d">
         <name>.text</name>
         <load_address>0x8ca</load_address>
         <run_address>0x8ca</run_address>
         <size>0x2</size>
         <input_file_ref idref="fl-dc"/>
      </object_component>
      <object_component id="oc-80">
         <name>.text</name>
         <load_address>0x8cc</load_address>
         <run_address>0x8cc</run_address>
         <size>0x1a4</size>
         <input_file_ref idref="fl-a"/>
      </object_component>
      <object_component id="oc-12e">
         <name>.text:GPIOPadConfigSet</name>
         <load_address>0xa70</load_address>
         <run_address>0xa70</run_address>
         <size>0x16c</size>
         <input_file_ref idref="fl-15"/>
      </object_component>
      <object_component id="oc-9e">
         <name>.text:SysCtlClockGet</name>
         <load_address>0xbdc</load_address>
         <run_address>0xbdc</run_address>
         <size>0x118</size>
         <input_file_ref idref="fl-19"/>
      </object_component>
      <object_component id="oc-275">
         <name>.text</name>
         <load_address>0xcf4</load_address>
         <run_address>0xcf4</run_address>
         <size>0xfc</size>
         <input_file_ref idref="fl-d2"/>
      </object_component>
      <object_component id="oc-220">
         <name>.text:SysCtlClockSet</name>
         <load_address>0xdf0</load_address>
         <run_address>0xdf0</run_address>
         <size>0xf4</size>
         <input_file_ref idref="fl-19"/>
      </object_component>
      <object_component id="oc-190">
         <name>.text</name>
         <load_address>0xee4</load_address>
         <run_address>0xee4</run_address>
         <size>0xe8</size>
         <input_file_ref idref="fl-6"/>
      </object_component>
      <object_component id="oc-19c">
         <name>.text</name>
         <load_address>0xfcc</load_address>
         <run_address>0xfcc</run_address>
         <size>0xe4</size>
         <input_file_ref idref="fl-8"/>
      </object_component>
      <object_component id="oc-232">
         <name>.text</name>
         <load_address>0x10b0</load_address>
         <run_address>0x10b0</run_address>
         <size>0xb8</size>
         <input_file_ref idref="fl-7"/>
      </object_component>
      <object_component id="oc-196">
         <name>.text</name>
         <load_address>0x1168</load_address>
         <run_address>0x1168</run_address>
         <size>0xb0</size>
         <input_file_ref idref="fl-5"/>
      </object_component>
      <object_component id="oc-2d">
         <name>.text</name>
         <load_address>0x1218</load_address>
         <run_address>0x1218</run_address>
         <size>0x9c</size>
         <input_file_ref idref="fl-9"/>
      </object_component>
      <object_component id="oc-41">
         <name>.text</name>
         <load_address>0x12b4</load_address>
         <run_address>0x12b4</run_address>
         <size>0x9c</size>
         <input_file_ref idref="fl-dd"/>
      </object_component>
      <object_component id="oc-18a">
         <name>.text</name>
         <load_address>0x1350</load_address>
         <run_address>0x1350</run_address>
         <size>0x8c</size>
         <input_file_ref idref="fl-2"/>
      </object_component>
      <object_component id="oc-24b">
         <name>.text:ADCSequenceStepConfigure</name>
         <load_address>0x13dc</load_address>
         <run_address>0x13dc</run_address>
         <size>0x7a</size>
         <input_file_ref idref="fl-14"/>
      </object_component>
      <object_component id="oc-27f">
         <name>.text</name>
         <load_address>0x1456</load_address>
         <run_address>0x1456</run_address>
         <size>0x6e</size>
         <input_file_ref idref="fl-d3"/>
      </object_component>
      <object_component id="oc-bc">
         <name>.text:IntEnable</name>
         <load_address>0x14c4</load_address>
         <run_address>0x14c4</run_address>
         <size>0x68</size>
         <input_file_ref idref="fl-17"/>
      </object_component>
      <object_component id="oc-15">
         <name>.text:decompress:lzss:__TI_decompress_lzss</name>
         <load_address>0x152c</load_address>
         <run_address>0x152c</run_address>
         <size>0x68</size>
         <input_file_ref idref="fl-da"/>
      </object_component>
      <object_component id="oc-f0">
         <name>.text</name>
         <load_address>0x1594</load_address>
         <run_address>0x1594</run_address>
         <size>0x54</size>
         <input_file_ref idref="fl-c"/>
      </object_component>
      <object_component id="oc-245">
         <name>.text:ADCSequenceConfigure</name>
         <load_address>0x15e8</load_address>
         <run_address>0x15e8</run_address>
         <size>0x4e</size>
         <input_file_ref idref="fl-14"/>
      </object_component>
      <object_component id="oc-92">
         <name>.text:GPIOPinConfigure</name>
         <load_address>0x1638</load_address>
         <run_address>0x1638</run_address>
         <size>0x4c</size>
         <input_file_ref idref="fl-15"/>
      </object_component>
      <object_component id="oc-297">
         <name>.text:I2CMasterInitExpClk</name>
         <load_address>0x1684</load_address>
         <run_address>0x1684</run_address>
         <size>0x4c</size>
         <input_file_ref idref="fl-16"/>
      </object_component>
      <object_component id="oc-a4">
         <name>.text:UARTConfigSetExpClk</name>
         <load_address>0x16d0</load_address>
         <run_address>0x16d0</run_address>
         <size>0x46</size>
         <input_file_ref idref="fl-1a"/>
      </object_component>
      <object_component id="oc-1af">
         <name>.text:__TI_auto_init_nobinit_nopinit:__TI_auto_init_nobinit_nopinit</name>
         <load_address>0x1718</load_address>
         <run_address>0x1718</run_address>
         <size>0x44</size>
         <input_file_ref idref="fl-df"/>
      </object_component>
      <object_component id="oc-2ba">
         <name>.text</name>
         <load_address>0x175c</load_address>
         <run_address>0x175c</run_address>
         <size>0x44</size>
         <input_file_ref idref="fl-d4"/>
      </object_component>
      <object_component id="oc-155">
         <name>.text</name>
         <load_address>0x17a0</load_address>
         <run_address>0x17a0</run_address>
         <size>0x40</size>
         <input_file_ref idref="fl-d7"/>
      </object_component>
      <object_component id="oc-184">
         <name>.text</name>
         <load_address>0x17e0</load_address>
         <run_address>0x17e0</run_address>
         <size>0x3c</size>
         <input_file_ref idref="fl-b"/>
      </object_component>
      <object_component id="oc-146">
         <name>.text:SysCtlPeripheralPresent</name>
         <load_address>0x181c</load_address>
         <run_address>0x181c</run_address>
         <size>0x38</size>
         <input_file_ref idref="fl-19"/>
      </object_component>
      <object_component id="oc-8c">
         <name>.text:SysCtlPeripheralReady</name>
         <load_address>0x1854</load_address>
         <run_address>0x1854</run_address>
         <size>0x38</size>
         <input_file_ref idref="fl-19"/>
      </object_component>
      <object_component id="oc-270">
         <name>.text</name>
         <load_address>0x188c</load_address>
         <run_address>0x188c</run_address>
         <size>0x38</size>
         <input_file_ref idref="fl-d5"/>
      </object_component>
      <object_component id="oc-86">
         <name>.text:SysCtlPeripheralEnable</name>
         <load_address>0x18c4</load_address>
         <run_address>0x18c4</run_address>
         <size>0x34</size>
         <input_file_ref idref="fl-19"/>
      </object_component>
      <object_component id="oc-5f">
         <name>.text:_c_int00_noargs:_c_int00_noargs</name>
         <load_address>0x18f8</load_address>
         <run_address>0x18f8</run_address>
         <size>0x34</size>
         <input_file_ref idref="fl-db"/>
      </object_component>
      <object_component id="oc-263">
         <name>.text:ADCIntStatus</name>
         <load_address>0x192c</load_address>
         <run_address>0x192c</run_address>
         <size>0x2e</size>
         <input_file_ref idref="fl-14"/>
      </object_component>
      <object_component id="oc-2b5">
         <name>.text</name>
         <load_address>0x195a</load_address>
         <run_address>0x195a</run_address>
         <size>0x2e</size>
         <input_file_ref idref="fl-d6"/>
      </object_component>
      <object_component id="oc-128">
         <name>.text:GPIODirModeSet</name>
         <load_address>0x1988</load_address>
         <run_address>0x1988</run_address>
         <size>0x2c</size>
         <input_file_ref idref="fl-15"/>
      </object_component>
      <object_component id="oc-b0">
         <name>.text:IntPrioritySet</name>
         <load_address>0x19b4</load_address>
         <run_address>0x19b4</run_address>
         <size>0x24</size>
         <input_file_ref idref="fl-17"/>
      </object_component>
      <object_component id="oc-2f2">
         <name>.text:PWMGenConfigure</name>
         <load_address>0x19d8</load_address>
         <run_address>0x19d8</run_address>
         <size>0x22</size>
         <input_file_ref idref="fl-18"/>
      </object_component>
      <object_component id="oc-139">
         <name>.text:UARTDisable</name>
         <load_address>0x19fc</load_address>
         <run_address>0x19fc</run_address>
         <size>0x20</size>
         <input_file_ref idref="fl-1a"/>
      </object_component>
      <object_component id="oc-269">
         <name>.text:ADCSequenceDataGet</name>
         <load_address>0x1a1c</load_address>
         <run_address>0x1a1c</run_address>
         <size>0x1e</size>
         <input_file_ref idref="fl-14"/>
      </object_component>
      <object_component id="oc-2fe">
         <name>.text:PWMPulseWidthSet</name>
         <load_address>0x1a3a</load_address>
         <run_address>0x1a3a</run_address>
         <size>0x1e</size>
         <input_file_ref idref="fl-18"/>
      </object_component>
      <object_component id="oc-4d">
         <name>.text:decompress:ZI:__TI_zero_init_nomemset:__TI_zero_init_nomemset</name>
         <load_address>0x1a58</load_address>
         <run_address>0x1a58</run_address>
         <size>0x1c</size>
         <input_file_ref idref="fl-d8"/>
      </object_component>
      <object_component id="oc-226">
         <name>.text:GPIOPinTypeGPIOOutput</name>
         <load_address>0x1a74</load_address>
         <run_address>0x1a74</run_address>
         <size>0x1a</size>
         <input_file_ref idref="fl-15"/>
      </object_component>
      <object_component id="oc-25d">
         <name>.text:ADCProcessorTrigger</name>
         <load_address>0x1a8e</load_address>
         <run_address>0x1a8e</run_address>
         <size>0x18</size>
         <input_file_ref idref="fl-14"/>
      </object_component>
      <object_component id="oc-23f">
         <name>.text:GPIOPinTypeADC</name>
         <load_address>0x1aa6</load_address>
         <run_address>0x1aa6</run_address>
         <size>0x16</size>
         <input_file_ref idref="fl-15"/>
      </object_component>
      <object_component id="oc-291">
         <name>.text:GPIOPinTypeI2C</name>
         <load_address>0x1abc</load_address>
         <run_address>0x1abc</run_address>
         <size>0x16</size>
         <input_file_ref idref="fl-15"/>
      </object_component>
      <object_component id="oc-28b">
         <name>.text:GPIOPinTypeI2CSCL</name>
         <load_address>0x1ad2</load_address>
         <run_address>0x1ad2</run_address>
         <size>0x16</size>
         <input_file_ref idref="fl-15"/>
      </object_component>
      <object_component id="oc-2ec">
         <name>.text:GPIOPinTypePWM</name>
         <load_address>0x1ae8</load_address>
         <run_address>0x1ae8</run_address>
         <size>0x16</size>
         <input_file_ref idref="fl-15"/>
      </object_component>
      <object_component id="oc-98">
         <name>.text:GPIOPinTypeUART</name>
         <load_address>0x1afe</load_address>
         <run_address>0x1afe</run_address>
         <size>0x16</size>
         <input_file_ref idref="fl-15"/>
      </object_component>
      <object_component id="oc-2e6">
         <name>.text:SysCtlPWMClockSet</name>
         <load_address>0x1b14</load_address>
         <run_address>0x1b14</run_address>
         <size>0x14</size>
         <input_file_ref idref="fl-19"/>
      </object_component>
      <object_component id="oc-13f">
         <name>.text:UARTEnable</name>
         <load_address>0x1b28</load_address>
         <run_address>0x1b28</run_address>
         <size>0x14</size>
         <input_file_ref idref="fl-1a"/>
      </object_component>
      <object_component id="oc-304">
         <name>.text:PWMOutputState</name>
         <load_address>0x1b3c</load_address>
         <run_address>0x1b3c</run_address>
         <size>0x12</size>
         <input_file_ref idref="fl-18"/>
      </object_component>
      <object_component id="oc-238">
         <name>.text:IntMasterEnable</name>
         <load_address>0x1b4e</load_address>
         <run_address>0x1b4e</run_address>
         <size>0x10</size>
         <input_file_ref idref="fl-17"/>
      </object_component>
      <object_component id="oc-2f8">
         <name>.text:PWMGenPeriodSet</name>
         <load_address>0x1b5e</load_address>
         <run_address>0x1b5e</run_address>
         <size>0x10</size>
         <input_file_ref idref="fl-18"/>
      </object_component>
      <object_component id="oc-251">
         <name>.text:ADCSequenceEnable</name>
         <load_address>0x1b6e</load_address>
         <run_address>0x1b6e</run_address>
         <size>0xe</size>
         <input_file_ref idref="fl-14"/>
      </object_component>
      <object_component id="oc-22c">
         <name>.text</name>
         <load_address>0x1b7c</load_address>
         <run_address>0x1b7c</run_address>
         <size>0xe</size>
         <input_file_ref idref="fl-3"/>
      </object_component>
      <object_component id="oc-1b">
         <name>.text:decompress:none:__TI_decompress_none</name>
         <load_address>0x1b8a</load_address>
         <run_address>0x1b8a</run_address>
         <size>0xe</size>
         <input_file_ref idref="fl-d9"/>
      </object_component>
      <object_component id="oc-311">
         <name>.text:CPUcpsie</name>
         <load_address>0x1b98</load_address>
         <run_address>0x1b98</run_address>
         <size>0xc</size>
         <input_file_ref idref="fl-1b"/>
      </object_component>
      <object_component id="oc-30a">
         <name>.text:PWMGenEnable</name>
         <load_address>0x1ba4</load_address>
         <run_address>0x1ba4</run_address>
         <size>0xc</size>
         <input_file_ref idref="fl-18"/>
      </object_component>
      <object_component id="oc-27">
         <name>.text</name>
         <load_address>0x1bb0</load_address>
         <run_address>0x1bb0</run_address>
         <size>0xc</size>
         <input_file_ref idref="fl-d"/>
      </object_component>
      <object_component id="oc-257">
         <name>.text:ADCIntClear</name>
         <load_address>0x1bbc</load_address>
         <run_address>0x1bbc</run_address>
         <size>0xa</size>
         <input_file_ref idref="fl-14"/>
      </object_component>
      <object_component id="oc-329">
         <name>.text:I2CMasterEnable</name>
         <load_address>0x1bc6</load_address>
         <run_address>0x1bc6</run_address>
         <size>0xa</size>
         <input_file_ref idref="fl-16"/>
      </object_component>
      <object_component id="oc-10f">
         <name>.text:UARTCharGet</name>
         <load_address>0x1bd0</load_address>
         <run_address>0x1bd0</run_address>
         <size>0xa</size>
         <input_file_ref idref="fl-1a"/>
      </object_component>
      <object_component id="oc-115">
         <name>.text:UARTCharPut</name>
         <load_address>0x1bda</load_address>
         <run_address>0x1bda</run_address>
         <size>0xa</size>
         <input_file_ref idref="fl-1a"/>
      </object_component>
      <object_component id="oc-74">
         <name>.text:UARTIntStatus</name>
         <load_address>0x1be4</load_address>
         <run_address>0x1be4</run_address>
         <size>0xa</size>
         <input_file_ref idref="fl-1a"/>
      </object_component>
      <object_component id="oc-2a9">
         <name>.text:I2CMasterBusy</name>
         <load_address>0x1bee</load_address>
         <run_address>0x1bee</run_address>
         <size>0x8</size>
         <input_file_ref idref="fl-16"/>
      </object_component>
      <object_component id="oc-29d">
         <name>.text:I2CMasterSlaveAddrSet</name>
         <load_address>0x1bf6</load_address>
         <run_address>0x1bf6</run_address>
         <size>0x8</size>
         <input_file_ref idref="fl-16"/>
      </object_component>
      <object_component id="oc-b6">
         <name>.text:UARTIntEnable</name>
         <load_address>0x1bfe</load_address>
         <run_address>0x1bfe</run_address>
         <size>0x8</size>
         <input_file_ref idref="fl-1a"/>
      </object_component>
      <object_component id="oc-2e2">
         <name>.text:SysCtlDelay</name>
         <load_address>0x1c06</load_address>
         <run_address>0x1c06</run_address>
         <size>0x6</size>
         <input_file_ref idref="fl-19"/>
      </object_component>
      <object_component id="oc-2a3">
         <name>.text:I2CMasterControl</name>
         <load_address>0x1c0c</load_address>
         <run_address>0x1c0c</run_address>
         <size>0x4</size>
         <input_file_ref idref="fl-16"/>
      </object_component>
      <object_component id="oc-2af">
         <name>.text:I2CMasterDataGet</name>
         <load_address>0x1c10</load_address>
         <run_address>0x1c10</run_address>
         <size>0x4</size>
         <input_file_ref idref="fl-16"/>
      </object_component>
      <object_component id="oc-7a">
         <name>.text:UARTIntClear</name>
         <load_address>0x1c14</load_address>
         <run_address>0x1c14</run_address>
         <size>0x4</size>
         <input_file_ref idref="fl-1a"/>
      </object_component>
      <object_component id="oc-ea">
         <name>.text:_system_pre_init</name>
         <load_address>0x1c18</load_address>
         <run_address>0x1c18</run_address>
         <size>0x4</size>
         <input_file_ref idref="fl-e0"/>
      </object_component>
      <object_component id="oc-1a3">
         <name>.text:abort:abort</name>
         <load_address>0x1c1c</load_address>
         <run_address>0x1c1c</run_address>
         <size>0x4</size>
         <input_file_ref idref="fl-e2"/>
      </object_component>
      <object_component id="oc-164">
         <name>.const:g_pui32Regs</name>
         <load_address>0x1c20</load_address>
         <run_address>0x1c20</run_address>
         <size>0x9c</size>
         <input_file_ref idref="fl-17"/>
      </object_component>
      <object_component id="oc-123">
         <name>.const:g_pui32GPIOBaseAddrs</name>
         <load_address>0x1cbc</load_address>
         <run_address>0x1cbc</run_address>
         <size>0x90</size>
         <input_file_ref idref="fl-15"/>
      </object_component>
      <object_component id="oc-135">
         <name>.const:g_pui32Xtals</name>
         <load_address>0x1d4c</load_address>
         <run_address>0x1d4c</run_address>
         <size>0x6c</size>
         <input_file_ref idref="fl-19"/>
      </object_component>
      <object_component id="oc-16a">
         <name>.const:g_pui32EnRegs</name>
         <load_address>0x1db8</load_address>
         <run_address>0x1db8</run_address>
         <size>0x14</size>
         <input_file_ref idref="fl-17"/>
      </object_component>
      <object_component id="oc-213">
         <name>.const:.string</name>
         <load_address>0x1dcc</load_address>
         <run_address>0x1dcc</run_address>
         <size>0x12</size>
         <input_file_ref idref="fl-e"/>
      </object_component>
      <object_component id="oc-152">
         <name>.const:g_ui32UARTBase</name>
         <load_address>0x1de0</load_address>
         <run_address>0x1de0</run_address>
         <size>0xc</size>
         <input_file_ref idref="fl-e"/>
      </object_component>
      <object_component id="oc-14c">
         <name>.const:g_ui32UARTPeriph</name>
         <load_address>0x1dec</load_address>
         <run_address>0x1dec</run_address>
         <size>0xc</size>
         <input_file_ref idref="fl-e"/>
      </object_component>
      <object_component id="oc-15a">
         <name>.const</name>
         <load_address>0x1df8</load_address>
         <run_address>0x1df8</run_address>
         <size>0x4</size>
         <input_file_ref idref="fl-e"/>
      </object_component>
      <object_component id="oc-3a4">
         <name>.cinit..data.load</name>
         <load_address>0x1e00</load_address>
         <run_address>0x1e00</run_address>
         <size>0xf</size>
      </object_component>
      <object_component id="oc-3a2">
         <name>__TI_handler_table</name>
         <load_address>0x1e10</load_address>
         <run_address>0x1e10</run_address>
         <size>0xc</size>
      </object_component>
      <object_component id="oc-3a5">
         <name>.cinit..bss.load</name>
         <load_address>0x1e20</load_address>
         <run_address>0x1e20</run_address>
         <size>0x8</size>
      </object_component>
      <object_component id="oc-3a3">
         <name>__TI_cinit_table</name>
         <load_address>0x1e28</load_address>
         <run_address>0x1e28</run_address>
         <size>0x10</size>
      </object_component>
      <object_component id="oc-11c">
         <name>.data</name>
         <load_address>0x20000240</load_address>
         <run_address>0x20000240</run_address>
         <size>0x8</size>
         <input_file_ref idref="fl-4"/>
      </object_component>
      <object_component id="oc-289">
         <name>.data</name>
         <load_address>0x20000260</load_address>
         <run_address>0x20000260</run_address>
         <size>0x4</size>
         <input_file_ref idref="fl-5"/>
      </object_component>
      <object_component id="oc-284">
         <name>.data</name>
         <load_address>0x20000248</load_address>
         <run_address>0x20000248</run_address>
         <size>0x8</size>
         <input_file_ref idref="fl-6"/>
      </object_component>
      <object_component id="oc-11b">
         <name>.data</name>
         <load_address>0x20000250</load_address>
         <run_address>0x20000250</run_address>
         <size>0x8</size>
         <input_file_ref idref="fl-a"/>
      </object_component>
      <object_component id="oc-14f">
         <name>.data</name>
         <load_address>0x20000258</load_address>
         <run_address>0x20000258</run_address>
         <size>0x5</size>
         <input_file_ref idref="fl-e"/>
      </object_component>
      <object_component id="oc-286">
         <name>.bss:fifo</name>
         <uninitialized>true</uninitialized>
         <run_address>0x20000200</run_address>
         <size>0x40</size>
         <input_file_ref idref="fl-5"/>
      </object_component>
      <object_component id="oc-24">
         <name>.stack</name>
         <uninitialized>true</uninitialized>
         <run_address>0x20000000</run_address>
         <size>0x4</size>
         <input_file_ref idref="fl-db"/>
      </object_component>
      <object_component id="oc-3a7">
         <name>.stack</name>
         <uninitialized>true</uninitialized>
         <run_address>0x20000000</run_address>
         <size>0x0</size>
      </object_component>
      <object_component id="oc-173">
         <name>.debug_info</name>
         <load_address>0x0</load_address>
         <run_address>0x0</run_address>
         <size>0x4df</size>
         <input_file_ref idref="fl-2"/>
      </object_component>
      <object_component id="oc-18e">
         <name>.debug_info</name>
         <load_address>0x4df</load_address>
         <run_address>0x4df</run_address>
         <size>0x29d</size>
         <input_file_ref idref="fl-2"/>
      </object_component>
      <object_component id="oc-ca">
         <name>.debug_info</name>
         <load_address>0x77c</load_address>
         <run_address>0x77c</run_address>
         <size>0x26b</size>
         <input_file_ref idref="fl-2"/>
      </object_component>
      <object_component id="oc-108">
         <name>.debug_info</name>
         <load_address>0x9e7</load_address>
         <run_address>0x9e7</run_address>
         <size>0x8b</size>
         <input_file_ref idref="fl-2"/>
      </object_component>
      <object_component id="oc-16e">
         <name>.debug_info</name>
         <load_address>0xa72</load_address>
         <run_address>0xa72</run_address>
         <size>0x2a4</size>
         <input_file_ref idref="fl-2"/>
      </object_component>
      <object_component id="oc-c3">
         <name>.debug_info</name>
         <load_address>0xd16</load_address>
         <run_address>0xd16</run_address>
         <size>0xbb</size>
         <input_file_ref idref="fl-2"/>
      </object_component>
      <object_component id="oc-230">
         <name>.debug_info</name>
         <load_address>0xdd1</load_address>
         <run_address>0xdd1</run_address>
         <size>0x238</size>
         <input_file_ref idref="fl-3"/>
      </object_component>
      <object_component id="oc-3c">
         <name>.debug_info</name>
         <load_address>0x1009</load_address>
         <run_address>0x1009</run_address>
         <size>0x84</size>
         <input_file_ref idref="fl-3"/>
      </object_component>
      <object_component id="oc-15f">
         <name>.debug_info</name>
         <load_address>0x108d</load_address>
         <run_address>0x108d</run_address>
         <size>0x2c</size>
         <input_file_ref idref="fl-3"/>
      </object_component>
      <object_component id="oc-11d">
         <name>.debug_info</name>
         <load_address>0x10b9</load_address>
         <run_address>0x10b9</run_address>
         <size>0x123</size>
         <input_file_ref idref="fl-4"/>
      </object_component>
      <object_component id="oc-326">
         <name>.debug_info</name>
         <load_address>0x11dc</load_address>
         <run_address>0x11dc</run_address>
         <size>0x27e</size>
         <input_file_ref idref="fl-5"/>
      </object_component>
      <object_component id="oc-287">
         <name>.debug_info</name>
         <load_address>0x145a</load_address>
         <run_address>0x145a</run_address>
         <size>0xdc</size>
         <input_file_ref idref="fl-5"/>
      </object_component>
      <object_component id="oc-199">
         <name>.debug_info</name>
         <load_address>0x1536</load_address>
         <run_address>0x1536</run_address>
         <size>0x2fb</size>
         <input_file_ref idref="fl-5"/>
      </object_component>
      <object_component id="oc-191">
         <name>.debug_info</name>
         <load_address>0x1831</load_address>
         <run_address>0x1831</run_address>
         <size>0x230</size>
         <input_file_ref idref="fl-6"/>
      </object_component>
      <object_component id="oc-233">
         <name>.debug_info</name>
         <load_address>0x1a61</load_address>
         <run_address>0x1a61</run_address>
         <size>0x2f7</size>
         <input_file_ref idref="fl-7"/>
      </object_component>
      <object_component id="oc-19f">
         <name>.debug_info</name>
         <load_address>0x1d58</load_address>
         <run_address>0x1d58</run_address>
         <size>0x397</size>
         <input_file_ref idref="fl-8"/>
      </object_component>
      <object_component id="oc-2e">
         <name>.debug_info</name>
         <load_address>0x20ef</load_address>
         <run_address>0x20ef</run_address>
         <size>0x318</size>
         <input_file_ref idref="fl-9"/>
      </object_component>
      <object_component id="oc-82">
         <name>.debug_info</name>
         <load_address>0x2407</load_address>
         <run_address>0x2407</run_address>
         <size>0x46a</size>
         <input_file_ref idref="fl-a"/>
      </object_component>
      <object_component id="oc-187">
         <name>.debug_info</name>
         <load_address>0x2871</load_address>
         <run_address>0x2871</run_address>
         <size>0x1ef</size>
         <input_file_ref idref="fl-b"/>
      </object_component>
      <object_component id="oc-f3">
         <name>.debug_info</name>
         <load_address>0x2a60</load_address>
         <run_address>0x2a60</run_address>
         <size>0x1e0</size>
         <input_file_ref idref="fl-c"/>
      </object_component>
      <object_component id="oc-35">
         <name>.debug_info</name>
         <load_address>0x2c40</load_address>
         <run_address>0x2c40</run_address>
         <size>0x2dc</size>
         <input_file_ref idref="fl-d"/>
      </object_component>
      <object_component id="oc-13">
         <name>.debug_info</name>
         <load_address>0x2f1c</load_address>
         <run_address>0x2f1c</run_address>
         <size>0xf9</size>
         <input_file_ref idref="fl-d"/>
      </object_component>
      <object_component id="oc-2a">
         <name>.debug_info</name>
         <load_address>0x3015</load_address>
         <run_address>0x3015</run_address>
         <size>0x275</size>
         <input_file_ref idref="fl-d"/>
      </object_component>
      <object_component id="oc-15e">
         <name>.debug_info</name>
         <load_address>0x328a</load_address>
         <run_address>0x328a</run_address>
         <size>0x413</size>
         <input_file_ref idref="fl-e"/>
      </object_component>
      <object_component id="oc-150">
         <name>.debug_info</name>
         <load_address>0x369d</load_address>
         <run_address>0x369d</run_address>
         <size>0x10a</size>
         <input_file_ref idref="fl-e"/>
      </object_component>
      <object_component id="oc-15b">
         <name>.debug_info</name>
         <load_address>0x37a7</load_address>
         <run_address>0x37a7</run_address>
         <size>0x104</size>
         <input_file_ref idref="fl-e"/>
      </object_component>
      <object_component id="oc-153">
         <name>.debug_info</name>
         <load_address>0x38ab</load_address>
         <run_address>0x38ab</run_address>
         <size>0x112</size>
         <input_file_ref idref="fl-e"/>
      </object_component>
      <object_component id="oc-14d">
         <name>.debug_info</name>
         <load_address>0x39bd</load_address>
         <run_address>0x39bd</run_address>
         <size>0x116</size>
         <input_file_ref idref="fl-e"/>
      </object_component>
      <object_component id="oc-ac">
         <name>.debug_info</name>
         <load_address>0x3ad3</load_address>
         <run_address>0x3ad3</run_address>
         <size>0x96f</size>
         <input_file_ref idref="fl-e"/>
      </object_component>
      <object_component id="oc-2e0">
         <name>.debug_info</name>
         <load_address>0x4442</load_address>
         <run_address>0x4442</run_address>
         <size>0x3ba</size>
         <input_file_ref idref="fl-14"/>
      </object_component>
      <object_component id="oc-24f">
         <name>.debug_info</name>
         <load_address>0x47fc</load_address>
         <run_address>0x47fc</run_address>
         <size>0x33c</size>
         <input_file_ref idref="fl-14"/>
      </object_component>
      <object_component id="oc-255">
         <name>.debug_info</name>
         <load_address>0x4b38</load_address>
         <run_address>0x4b38</run_address>
         <size>0x2a9</size>
         <input_file_ref idref="fl-14"/>
      </object_component>
      <object_component id="oc-26d">
         <name>.debug_info</name>
         <load_address>0x4de1</load_address>
         <run_address>0x4de1</run_address>
         <size>0x308</size>
         <input_file_ref idref="fl-14"/>
      </object_component>
      <object_component id="oc-247">
         <name>.debug_info</name>
         <load_address>0x50e9</load_address>
         <run_address>0x50e9</run_address>
         <size>0x32f</size>
         <input_file_ref idref="fl-14"/>
      </object_component>
      <object_component id="oc-25f">
         <name>.debug_info</name>
         <load_address>0x5418</load_address>
         <run_address>0x5418</run_address>
         <size>0x2ad</size>
         <input_file_ref idref="fl-14"/>
      </object_component>
      <object_component id="oc-265">
         <name>.debug_info</name>
         <load_address>0x56c5</load_address>
         <run_address>0x56c5</run_address>
         <size>0x2f0</size>
         <input_file_ref idref="fl-14"/>
      </object_component>
      <object_component id="oc-259">
         <name>.debug_info</name>
         <load_address>0x59b5</load_address>
         <run_address>0x59b5</run_address>
         <size>0x29d</size>
         <input_file_ref idref="fl-14"/>
      </object_component>
      <object_component id="oc-1e8">
         <name>.debug_info</name>
         <load_address>0x5c52</load_address>
         <run_address>0x5c52</run_address>
         <size>0x26b</size>
         <input_file_ref idref="fl-14"/>
      </object_component>
      <object_component id="oc-1e1">
         <name>.debug_info</name>
         <load_address>0x5ebd</load_address>
         <run_address>0x5ebd</run_address>
         <size>0x297</size>
         <input_file_ref idref="fl-14"/>
      </object_component>
      <object_component id="oc-1f7">
         <name>.debug_info</name>
         <load_address>0x6154</load_address>
         <run_address>0x6154</run_address>
         <size>0xef</size>
         <input_file_ref idref="fl-14"/>
      </object_component>
      <object_component id="oc-103">
         <name>.debug_info</name>
         <load_address>0x6243</load_address>
         <run_address>0x6243</run_address>
         <size>0xbb</size>
         <input_file_ref idref="fl-14"/>
      </object_component>
      <object_component id="oc-127">
         <name>.debug_info</name>
         <load_address>0x62fe</load_address>
         <run_address>0x62fe</run_address>
         <size>0x3e4</size>
         <input_file_ref idref="fl-15"/>
      </object_component>
      <object_component id="oc-124">
         <name>.debug_info</name>
         <load_address>0x66e2</load_address>
         <run_address>0x66e2</run_address>
         <size>0x164</size>
         <input_file_ref idref="fl-15"/>
      </object_component>
      <object_component id="oc-129">
         <name>.debug_info</name>
         <load_address>0x6846</load_address>
         <run_address>0x6846</run_address>
         <size>0x2bc</size>
         <input_file_ref idref="fl-15"/>
      </object_component>
      <object_component id="oc-12f">
         <name>.debug_info</name>
         <load_address>0x6b02</load_address>
         <run_address>0x6b02</run_address>
         <size>0x31f</size>
         <input_file_ref idref="fl-15"/>
      </object_component>
      <object_component id="oc-99">
         <name>.debug_info</name>
         <load_address>0x6e21</load_address>
         <run_address>0x6e21</run_address>
         <size>0x29b</size>
         <input_file_ref idref="fl-15"/>
      </object_component>
      <object_component id="oc-2ed">
         <name>.debug_info</name>
         <load_address>0x70bc</load_address>
         <run_address>0x70bc</run_address>
         <size>0x299</size>
         <input_file_ref idref="fl-15"/>
      </object_component>
      <object_component id="oc-28c">
         <name>.debug_info</name>
         <load_address>0x7355</load_address>
         <run_address>0x7355</run_address>
         <size>0x29f</size>
         <input_file_ref idref="fl-15"/>
      </object_component>
      <object_component id="oc-292">
         <name>.debug_info</name>
         <load_address>0x75f4</load_address>
         <run_address>0x75f4</run_address>
         <size>0x299</size>
         <input_file_ref idref="fl-15"/>
      </object_component>
      <object_component id="oc-227">
         <name>.debug_info</name>
         <load_address>0x788d</load_address>
         <run_address>0x788d</run_address>
         <size>0x2c0</size>
         <input_file_ref idref="fl-15"/>
      </object_component>
      <object_component id="oc-240">
         <name>.debug_info</name>
         <load_address>0x7b4d</load_address>
         <run_address>0x7b4d</run_address>
         <size>0x299</size>
         <input_file_ref idref="fl-15"/>
      </object_component>
      <object_component id="oc-93">
         <name>.debug_info</name>
         <load_address>0x7de6</load_address>
         <run_address>0x7de6</run_address>
         <size>0x289</size>
         <input_file_ref idref="fl-15"/>
      </object_component>
      <object_component id="oc-330">
         <name>.debug_info</name>
         <load_address>0x806f</load_address>
         <run_address>0x806f</run_address>
         <size>0x3d5</size>
         <input_file_ref idref="fl-16"/>
      </object_component>
      <object_component id="oc-29e">
         <name>.debug_info</name>
         <load_address>0x8444</load_address>
         <run_address>0x8444</run_address>
         <size>0x2d7</size>
         <input_file_ref idref="fl-16"/>
      </object_component>
      <object_component id="oc-32a">
         <name>.debug_info</name>
         <load_address>0x871b</load_address>
         <run_address>0x871b</run_address>
         <size>0x257</size>
         <input_file_ref idref="fl-16"/>
      </object_component>
      <object_component id="oc-298">
         <name>.debug_info</name>
         <load_address>0x8972</load_address>
         <run_address>0x8972</run_address>
         <size>0x2f1</size>
         <input_file_ref idref="fl-16"/>
      </object_component>
      <object_component id="oc-2b0">
         <name>.debug_info</name>
         <load_address>0x8c63</load_address>
         <run_address>0x8c63</run_address>
         <size>0x25d</size>
         <input_file_ref idref="fl-16"/>
      </object_component>
      <object_component id="oc-2a4">
         <name>.debug_info</name>
         <load_address>0x8ec0</load_address>
         <run_address>0x8ec0</run_address>
         <size>0x287</size>
         <input_file_ref idref="fl-16"/>
      </object_component>
      <object_component id="oc-2aa">
         <name>.debug_info</name>
         <load_address>0x9147</load_address>
         <run_address>0x9147</run_address>
         <size>0x257</size>
         <input_file_ref idref="fl-16"/>
      </object_component>
      <object_component id="oc-168">
         <name>.debug_info</name>
         <load_address>0x939e</load_address>
         <run_address>0x939e</run_address>
         <size>0x3b7</size>
         <input_file_ref idref="fl-17"/>
      </object_component>
      <object_component id="oc-165">
         <name>.debug_info</name>
         <load_address>0x9755</load_address>
         <run_address>0x9755</run_address>
         <size>0x157</size>
         <input_file_ref idref="fl-17"/>
      </object_component>
      <object_component id="oc-16b">
         <name>.debug_info</name>
         <load_address>0x98ac</load_address>
         <run_address>0x98ac</run_address>
         <size>0x15b</size>
         <input_file_ref idref="fl-17"/>
      </object_component>
      <object_component id="oc-b1">
         <name>.debug_info</name>
         <load_address>0x9a07</load_address>
         <run_address>0x9a07</run_address>
         <size>0x2d2</size>
         <input_file_ref idref="fl-17"/>
      </object_component>
      <object_component id="oc-239">
         <name>.debug_info</name>
         <load_address>0x9cd9</load_address>
         <run_address>0x9cd9</run_address>
         <size>0x247</size>
         <input_file_ref idref="fl-17"/>
      </object_component>
      <object_component id="oc-bd">
         <name>.debug_info</name>
         <load_address>0x9f20</load_address>
         <run_address>0x9f20</run_address>
         <size>0x271</size>
         <input_file_ref idref="fl-17"/>
      </object_component>
      <object_component id="oc-35d">
         <name>.debug_info</name>
         <load_address>0xa191</load_address>
         <run_address>0xa191</run_address>
         <size>0x396</size>
         <input_file_ref idref="fl-18"/>
      </object_component>
      <object_component id="oc-300">
         <name>.debug_info</name>
         <load_address>0xa527</load_address>
         <run_address>0xa527</run_address>
         <size>0x2ff</size>
         <input_file_ref idref="fl-18"/>
      </object_component>
      <object_component id="oc-305">
         <name>.debug_info</name>
         <load_address>0xa826</load_address>
         <run_address>0xa826</run_address>
         <size>0x2cd</size>
         <input_file_ref idref="fl-18"/>
      </object_component>
      <object_component id="oc-2f9">
         <name>.debug_info</name>
         <load_address>0xaaf3</load_address>
         <run_address>0xaaf3</run_address>
         <size>0x2bf</size>
         <input_file_ref idref="fl-18"/>
      </object_component>
      <object_component id="oc-30b">
         <name>.debug_info</name>
         <load_address>0xadb2</load_address>
         <run_address>0xadb2</run_address>
         <size>0x27f</size>
         <input_file_ref idref="fl-18"/>
      </object_component>
      <object_component id="oc-2f3">
         <name>.debug_info</name>
         <load_address>0xb031</load_address>
         <run_address>0xb031</run_address>
         <size>0x2bc</size>
         <input_file_ref idref="fl-18"/>
      </object_component>
      <object_component id="oc-121">
         <name>.debug_info</name>
         <load_address>0xb2ed</load_address>
         <run_address>0xb2ed</run_address>
         <size>0x441</size>
         <input_file_ref idref="fl-19"/>
      </object_component>
      <object_component id="oc-136">
         <name>.debug_info</name>
         <load_address>0xb72e</load_address>
         <run_address>0xb72e</run_address>
         <size>0x156</size>
         <input_file_ref idref="fl-19"/>
      </object_component>
      <object_component id="oc-8d">
         <name>.debug_info</name>
         <load_address>0xb884</load_address>
         <run_address>0xb884</run_address>
         <size>0x288</size>
         <input_file_ref idref="fl-19"/>
      </object_component>
      <object_component id="oc-147">
         <name>.debug_info</name>
         <load_address>0xbb0c</load_address>
         <run_address>0xbb0c</run_address>
         <size>0x28c</size>
         <input_file_ref idref="fl-19"/>
      </object_component>
      <object_component id="oc-87">
         <name>.debug_info</name>
         <load_address>0xbd98</load_address>
         <run_address>0xbd98</run_address>
         <size>0x286</size>
         <input_file_ref idref="fl-19"/>
      </object_component>
      <object_component id="oc-2e7">
         <name>.debug_info</name>
         <load_address>0xc01e</load_address>
         <run_address>0xc01e</run_address>
         <size>0x26c</size>
         <input_file_ref idref="fl-19"/>
      </object_component>
      <object_component id="oc-221">
         <name>.debug_info</name>
         <load_address>0xc28a</load_address>
         <run_address>0xc28a</run_address>
         <size>0x2e4</size>
         <input_file_ref idref="fl-19"/>
      </object_component>
      <object_component id="oc-9f">
         <name>.debug_info</name>
         <load_address>0xc56e</load_address>
         <run_address>0xc56e</run_address>
         <size>0x2be</size>
         <input_file_ref idref="fl-19"/>
      </object_component>
      <object_component id="oc-1f3">
         <name>.debug_info</name>
         <load_address>0xc82c</load_address>
         <run_address>0xc82c</run_address>
         <size>0x51</size>
         <input_file_ref idref="fl-19"/>
      </object_component>
      <object_component id="oc-10d">
         <name>.debug_info</name>
         <load_address>0xc87d</load_address>
         <run_address>0xc87d</run_address>
         <size>0x3cb</size>
         <input_file_ref idref="fl-1a"/>
      </object_component>
      <object_component id="oc-76">
         <name>.debug_info</name>
         <load_address>0xcc48</load_address>
         <run_address>0xcc48</run_address>
         <size>0x288</size>
         <input_file_ref idref="fl-1a"/>
      </object_component>
      <object_component id="oc-b8">
         <name>.debug_info</name>
         <load_address>0xced0</load_address>
         <run_address>0xced0</run_address>
         <size>0x298</size>
         <input_file_ref idref="fl-1a"/>
      </object_component>
      <object_component id="oc-7c">
         <name>.debug_info</name>
         <load_address>0xd168</load_address>
         <run_address>0xd168</run_address>
         <size>0x296</size>
         <input_file_ref idref="fl-1a"/>
      </object_component>
      <object_component id="oc-141">
         <name>.debug_info</name>
         <load_address>0xd3fe</load_address>
         <run_address>0xd3fe</run_address>
         <size>0x250</size>
         <input_file_ref idref="fl-1a"/>
      </object_component>
      <object_component id="oc-13b">
         <name>.debug_info</name>
         <load_address>0xd64e</load_address>
         <run_address>0xd64e</run_address>
         <size>0x252</size>
         <input_file_ref idref="fl-1a"/>
      </object_component>
      <object_component id="oc-a6">
         <name>.debug_info</name>
         <load_address>0xd8a0</load_address>
         <run_address>0xd8a0</run_address>
         <size>0x32f</size>
         <input_file_ref idref="fl-1a"/>
      </object_component>
      <object_component id="oc-117">
         <name>.debug_info</name>
         <load_address>0xdbcf</load_address>
         <run_address>0xdbcf</run_address>
         <size>0x27c</size>
         <input_file_ref idref="fl-1a"/>
      </object_component>
      <object_component id="oc-112">
         <name>.debug_info</name>
         <load_address>0xde4b</load_address>
         <run_address>0xde4b</run_address>
         <size>0x256</size>
         <input_file_ref idref="fl-1a"/>
      </object_component>
      <object_component id="oc-313">
         <name>.debug_info</name>
         <load_address>0xe0a1</load_address>
         <run_address>0xe0a1</run_address>
         <size>0x21b</size>
         <input_file_ref idref="fl-1b"/>
      </object_component>
      <object_component id="oc-27c">
         <name>.debug_info</name>
         <load_address>0xe2bc</load_address>
         <run_address>0xe2bc</run_address>
         <size>0x14c</size>
         <input_file_ref idref="fl-d1"/>
      </object_component>
      <object_component id="oc-276">
         <name>.debug_info</name>
         <load_address>0xe408</load_address>
         <run_address>0xe408</run_address>
         <size>0x13a</size>
         <input_file_ref idref="fl-d2"/>
      </object_component>
      <object_component id="oc-281">
         <name>.debug_info</name>
         <load_address>0xe542</load_address>
         <run_address>0xe542</run_address>
         <size>0x13e</size>
         <input_file_ref idref="fl-d3"/>
      </object_component>
      <object_component id="oc-2bb">
         <name>.debug_info</name>
         <load_address>0xe680</load_address>
         <run_address>0xe680</run_address>
         <size>0x139</size>
         <input_file_ref idref="fl-d4"/>
      </object_component>
      <object_component id="oc-272">
         <name>.debug_info</name>
         <load_address>0xe7b9</load_address>
         <run_address>0xe7b9</run_address>
         <size>0x12c</size>
         <input_file_ref idref="fl-d5"/>
      </object_component>
      <object_component id="oc-2b6">
         <name>.debug_info</name>
         <load_address>0xe8e5</load_address>
         <run_address>0xe8e5</run_address>
         <size>0x12c</size>
         <input_file_ref idref="fl-d6"/>
      </object_component>
      <object_component id="oc-158">
         <name>.debug_info</name>
         <load_address>0xea11</load_address>
         <run_address>0xea11</run_address>
         <size>0x142</size>
         <input_file_ref idref="fl-d7"/>
      </object_component>
      <object_component id="oc-e3">
         <name>.debug_info</name>
         <load_address>0xeb53</load_address>
         <run_address>0xeb53</run_address>
         <size>0x2d4</size>
         <input_file_ref idref="fl-d8"/>
      </object_component>
      <object_component id="oc-51">
         <name>.debug_info</name>
         <load_address>0xee27</load_address>
         <run_address>0xee27</run_address>
         <size>0x1d2</size>
         <input_file_ref idref="fl-d8"/>
      </object_component>
      <object_component id="oc-de">
         <name>.debug_info</name>
         <load_address>0xeff9</load_address>
         <run_address>0xeff9</run_address>
         <size>0x46</size>
         <input_file_ref idref="fl-d8"/>
      </object_component>
      <object_component id="oc-17b">
         <name>.debug_info</name>
         <load_address>0xf03f</load_address>
         <run_address>0xf03f</run_address>
         <size>0x2c</size>
         <input_file_ref idref="fl-d8"/>
      </object_component>
      <object_component id="oc-4c">
         <name>.debug_info</name>
         <load_address>0xf06b</load_address>
         <run_address>0xf06b</run_address>
         <size>0x2a8</size>
         <input_file_ref idref="fl-d9"/>
      </object_component>
      <object_component id="oc-1f">
         <name>.debug_info</name>
         <load_address>0xf313</load_address>
         <run_address>0xf313</run_address>
         <size>0x1ea</size>
         <input_file_ref idref="fl-d9"/>
      </object_component>
      <object_component id="oc-47">
         <name>.debug_info</name>
         <load_address>0xf4fd</load_address>
         <run_address>0xf4fd</run_address>
         <size>0x46</size>
         <input_file_ref idref="fl-d9"/>
      </object_component>
      <object_component id="oc-d6">
         <name>.debug_info</name>
         <load_address>0xf543</load_address>
         <run_address>0xf543</run_address>
         <size>0x2c</size>
         <input_file_ref idref="fl-d9"/>
      </object_component>
      <object_component id="oc-d4">
         <name>.debug_info</name>
         <load_address>0xf56f</load_address>
         <run_address>0xf56f</run_address>
         <size>0x29e</size>
         <input_file_ref idref="fl-da"/>
      </object_component>
      <object_component id="oc-18">
         <name>.debug_info</name>
         <load_address>0xf80d</load_address>
         <run_address>0xf80d</run_address>
         <size>0x250</size>
         <input_file_ref idref="fl-da"/>
      </object_component>
      <object_component id="oc-37">
         <name>.debug_info</name>
         <load_address>0xfa5d</load_address>
         <run_address>0xfa5d</run_address>
         <size>0x60</size>
         <input_file_ref idref="fl-da"/>
      </object_component>
      <object_component id="oc-174">
         <name>.debug_info</name>
         <load_address>0xfabd</load_address>
         <run_address>0xfabd</run_address>
         <size>0x46</size>
         <input_file_ref idref="fl-da"/>
      </object_component>
      <object_component id="oc-cf">
         <name>.debug_info</name>
         <load_address>0xfb03</load_address>
         <run_address>0xfb03</run_address>
         <size>0x39</size>
         <input_file_ref idref="fl-da"/>
      </object_component>
      <object_component id="oc-25">
         <name>.debug_info</name>
         <load_address>0xfb3c</load_address>
         <run_address>0xfb3c</run_address>
         <size>0x10b</size>
         <input_file_ref idref="fl-db"/>
      </object_component>
      <object_component id="oc-60">
         <name>.debug_info</name>
         <load_address>0xfc47</load_address>
         <run_address>0xfc47</run_address>
         <size>0x1a9</size>
         <input_file_ref idref="fl-db"/>
      </object_component>
      <object_component id="oc-20e">
         <name>.debug_info</name>
         <load_address>0xfdf0</load_address>
         <run_address>0xfdf0</run_address>
         <size>0x115</size>
         <input_file_ref idref="fl-dc"/>
      </object_component>
      <object_component id="oc-42">
         <name>.debug_info</name>
         <load_address>0xff05</load_address>
         <run_address>0xff05</run_address>
         <size>0x119</size>
         <input_file_ref idref="fl-dd"/>
      </object_component>
      <object_component id="oc-2cb">
         <name>.debug_info</name>
         <load_address>0x1001e</load_address>
         <run_address>0x1001e</run_address>
         <size>0x4b3</size>
         <input_file_ref idref="fl-df"/>
      </object_component>
      <object_component id="oc-1b1">
         <name>.debug_info</name>
         <load_address>0x104d1</load_address>
         <run_address>0x104d1</run_address>
         <size>0x1a6</size>
         <input_file_ref idref="fl-df"/>
      </object_component>
      <object_component id="oc-347">
         <name>.debug_info</name>
         <load_address>0x10677</load_address>
         <run_address>0x10677</run_address>
         <size>0x39</size>
         <input_file_ref idref="fl-df"/>
      </object_component>
      <object_component id="oc-36b">
         <name>.debug_info</name>
         <load_address>0x106b0</load_address>
         <run_address>0x106b0</run_address>
         <size>0x39</size>
         <input_file_ref idref="fl-df"/>
      </object_component>
      <object_component id="oc-34c">
         <name>.debug_info</name>
         <load_address>0x106e9</load_address>
         <run_address>0x106e9</run_address>
         <size>0x39</size>
         <input_file_ref idref="fl-df"/>
      </object_component>
      <object_component id="oc-351">
         <name>.debug_info</name>
         <load_address>0x10722</load_address>
         <run_address>0x10722</run_address>
         <size>0xcd</size>
         <input_file_ref idref="fl-df"/>
      </object_component>
      <object_component id="oc-eb">
         <name>.debug_info</name>
         <load_address>0x107ef</load_address>
         <run_address>0x107ef</run_address>
         <size>0x153</size>
         <input_file_ref idref="fl-e0"/>
      </object_component>
      <object_component id="oc-1a5">
         <name>.debug_info</name>
         <load_address>0x10942</load_address>
         <run_address>0x10942</run_address>
         <size>0x122</size>
         <input_file_ref idref="fl-e2"/>
      </object_component>
      <object_component id="oc-3a8">
         <name>.debug_info</name>
         <load_address>0x10a64</load_address>
         <run_address>0x10a64</run_address>
         <size>0xac</size>
      </object_component>
      <object_component id="oc-21f">
         <name>.debug_line</name>
         <load_address>0x0</load_address>
         <run_address>0x0</run_address>
         <size>0xc3</size>
         <input_file_ref idref="fl-2"/>
      </object_component>
      <object_component id="oc-18d">
         <name>.debug_line</name>
         <load_address>0xc3</load_address>
         <run_address>0xc3</run_address>
         <size>0x76</size>
         <input_file_ref idref="fl-2"/>
      </object_component>
      <object_component id="oc-cd">
         <name>.debug_line</name>
         <load_address>0x139</load_address>
         <run_address>0x139</run_address>
         <size>0x6f</size>
         <input_file_ref idref="fl-2"/>
      </object_component>
      <object_component id="oc-10b">
         <name>.debug_line</name>
         <load_address>0x1a8</load_address>
         <run_address>0x1a8</run_address>
         <size>0x20</size>
         <input_file_ref idref="fl-2"/>
      </object_component>
      <object_component id="oc-171">
         <name>.debug_line</name>
         <load_address>0x1c8</load_address>
         <run_address>0x1c8</run_address>
         <size>0x73</size>
         <input_file_ref idref="fl-2"/>
      </object_component>
      <object_component id="oc-c6">
         <name>.debug_line</name>
         <load_address>0x23b</load_address>
         <run_address>0x23b</run_address>
         <size>0x70</size>
         <input_file_ref idref="fl-2"/>
      </object_component>
      <object_component id="oc-22f">
         <name>.debug_line</name>
         <load_address>0x2ab</load_address>
         <run_address>0x2ab</run_address>
         <size>0x6b</size>
         <input_file_ref idref="fl-3"/>
      </object_component>
      <object_component id="oc-3f">
         <name>.debug_line</name>
         <load_address>0x316</load_address>
         <run_address>0x316</run_address>
         <size>0x20</size>
         <input_file_ref idref="fl-3"/>
      </object_component>
      <object_component id="oc-162">
         <name>.debug_line</name>
         <load_address>0x336</load_address>
         <run_address>0x336</run_address>
         <size>0x6b</size>
         <input_file_ref idref="fl-3"/>
      </object_component>
      <object_component id="oc-1f0">
         <name>.debug_line</name>
         <load_address>0x3a1</load_address>
         <run_address>0x3a1</run_address>
         <size>0x3a</size>
         <input_file_ref idref="fl-4"/>
      </object_component>
      <object_component id="oc-364">
         <name>.debug_line</name>
         <load_address>0x3db</load_address>
         <run_address>0x3db</run_address>
         <size>0x20</size>
         <input_file_ref idref="fl-5"/>
      </object_component>
      <object_component id="oc-325">
         <name>.debug_line</name>
         <load_address>0x3fb</load_address>
         <run_address>0x3fb</run_address>
         <size>0x35</size>
         <input_file_ref idref="fl-5"/>
      </object_component>
      <object_component id="oc-197">
         <name>.debug_line</name>
         <load_address>0x430</load_address>
         <run_address>0x430</run_address>
         <size>0x92</size>
         <input_file_ref idref="fl-5"/>
      </object_component>
      <object_component id="oc-194">
         <name>.debug_line</name>
         <load_address>0x4c2</load_address>
         <run_address>0x4c2</run_address>
         <size>0x5a</size>
         <input_file_ref idref="fl-6"/>
      </object_component>
      <object_component id="oc-237">
         <name>.debug_line</name>
         <load_address>0x51c</load_address>
         <run_address>0x51c</run_address>
         <size>0x6d</size>
         <input_file_ref idref="fl-7"/>
      </object_component>
      <object_component id="oc-1a1">
         <name>.debug_line</name>
         <load_address>0x589</load_address>
         <run_address>0x589</run_address>
         <size>0x81</size>
         <input_file_ref idref="fl-8"/>
      </object_component>
      <object_component id="oc-31">
         <name>.debug_line</name>
         <load_address>0x60a</load_address>
         <run_address>0x60a</run_address>
         <size>0x78</size>
         <input_file_ref idref="fl-9"/>
      </object_component>
      <object_component id="oc-81">
         <name>.debug_line</name>
         <load_address>0x682</load_address>
         <run_address>0x682</run_address>
         <size>0xd8</size>
         <input_file_ref idref="fl-a"/>
      </object_component>
      <object_component id="oc-189">
         <name>.debug_line</name>
         <load_address>0x75a</load_address>
         <run_address>0x75a</run_address>
         <size>0x54</size>
         <input_file_ref idref="fl-b"/>
      </object_component>
      <object_component id="oc-f5">
         <name>.debug_line</name>
         <load_address>0x7ae</load_address>
         <run_address>0x7ae</run_address>
         <size>0x5d</size>
         <input_file_ref idref="fl-c"/>
      </object_component>
      <object_component id="oc-c9">
         <name>.debug_line</name>
         <load_address>0x80b</load_address>
         <run_address>0x80b</run_address>
         <size>0x41</size>
         <input_file_ref idref="fl-d"/>
      </object_component>
      <object_component id="oc-34">
         <name>.debug_line</name>
         <load_address>0x84c</load_address>
         <run_address>0x84c</run_address>
         <size>0x41</size>
         <input_file_ref idref="fl-d"/>
      </object_component>
      <object_component id="oc-2c">
         <name>.debug_line</name>
         <load_address>0x88d</load_address>
         <run_address>0x88d</run_address>
         <size>0xa1</size>
         <input_file_ref idref="fl-d"/>
      </object_component>
      <object_component id="oc-217">
         <name>.debug_line</name>
         <load_address>0x92e</load_address>
         <run_address>0x92e</run_address>
         <size>0x8e</size>
         <input_file_ref idref="fl-e"/>
      </object_component>
      <object_component id="oc-20a">
         <name>.debug_line</name>
         <load_address>0x9bc</load_address>
         <run_address>0x9bc</run_address>
         <size>0x57</size>
         <input_file_ref idref="fl-e"/>
      </object_component>
      <object_component id="oc-215">
         <name>.debug_line</name>
         <load_address>0xa13</load_address>
         <run_address>0xa13</run_address>
         <size>0x57</size>
         <input_file_ref idref="fl-e"/>
      </object_component>
      <object_component id="oc-20c">
         <name>.debug_line</name>
         <load_address>0xa6a</load_address>
         <run_address>0xa6a</run_address>
         <size>0x57</size>
         <input_file_ref idref="fl-e"/>
      </object_component>
      <object_component id="oc-208">
         <name>.debug_line</name>
         <load_address>0xac1</load_address>
         <run_address>0xac1</run_address>
         <size>0x57</size>
         <input_file_ref idref="fl-e"/>
      </object_component>
      <object_component id="oc-ab">
         <name>.debug_line</name>
         <load_address>0xb18</load_address>
         <run_address>0xb18</run_address>
         <size>0x29c</size>
         <input_file_ref idref="fl-e"/>
      </object_component>
      <object_component id="oc-359">
         <name>.debug_line</name>
         <load_address>0xdb4</load_address>
         <run_address>0xdb4</run_address>
         <size>0x82</size>
         <input_file_ref idref="fl-14"/>
      </object_component>
      <object_component id="oc-24d">
         <name>.debug_line</name>
         <load_address>0xe36</load_address>
         <run_address>0xe36</run_address>
         <size>0xa7</size>
         <input_file_ref idref="fl-14"/>
      </object_component>
      <object_component id="oc-253">
         <name>.debug_line</name>
         <load_address>0xedd</load_address>
         <run_address>0xedd</run_address>
         <size>0x91</size>
         <input_file_ref idref="fl-14"/>
      </object_component>
      <object_component id="oc-26b">
         <name>.debug_line</name>
         <load_address>0xf6e</load_address>
         <run_address>0xf6e</run_address>
         <size>0x9c</size>
         <input_file_ref idref="fl-14"/>
      </object_component>
      <object_component id="oc-249">
         <name>.debug_line</name>
         <load_address>0x100a</load_address>
         <run_address>0x100a</run_address>
         <size>0xa4</size>
         <input_file_ref idref="fl-14"/>
      </object_component>
      <object_component id="oc-261">
         <name>.debug_line</name>
         <load_address>0x10ae</load_address>
         <run_address>0x10ae</run_address>
         <size>0x91</size>
         <input_file_ref idref="fl-14"/>
      </object_component>
      <object_component id="oc-267">
         <name>.debug_line</name>
         <load_address>0x113f</load_address>
         <run_address>0x113f</run_address>
         <size>0x9b</size>
         <input_file_ref idref="fl-14"/>
      </object_component>
      <object_component id="oc-25b">
         <name>.debug_line</name>
         <load_address>0x11da</load_address>
         <run_address>0x11da</run_address>
         <size>0x91</size>
         <input_file_ref idref="fl-14"/>
      </object_component>
      <object_component id="oc-1eb">
         <name>.debug_line</name>
         <load_address>0x126b</load_address>
         <run_address>0x126b</run_address>
         <size>0x71</size>
         <input_file_ref idref="fl-14"/>
      </object_component>
      <object_component id="oc-1e4">
         <name>.debug_line</name>
         <load_address>0x12dc</load_address>
         <run_address>0x12dc</run_address>
         <size>0x75</size>
         <input_file_ref idref="fl-14"/>
      </object_component>
      <object_component id="oc-1fa">
         <name>.debug_line</name>
         <load_address>0x1351</load_address>
         <run_address>0x1351</run_address>
         <size>0x71</size>
         <input_file_ref idref="fl-14"/>
      </object_component>
      <object_component id="oc-106">
         <name>.debug_line</name>
         <load_address>0x13c2</load_address>
         <run_address>0x13c2</run_address>
         <size>0x72</size>
         <input_file_ref idref="fl-14"/>
      </object_component>
      <object_component id="oc-1ff">
         <name>.debug_line</name>
         <load_address>0x1434</load_address>
         <run_address>0x1434</run_address>
         <size>0x82</size>
         <input_file_ref idref="fl-15"/>
      </object_component>
      <object_component id="oc-1fd">
         <name>.debug_line</name>
         <load_address>0x14b6</load_address>
         <run_address>0x14b6</run_address>
         <size>0x7d</size>
         <input_file_ref idref="fl-15"/>
      </object_component>
      <object_component id="oc-12c">
         <name>.debug_line</name>
         <load_address>0x1533</load_address>
         <run_address>0x1533</run_address>
         <size>0x95</size>
         <input_file_ref idref="fl-15"/>
      </object_component>
      <object_component id="oc-132">
         <name>.debug_line</name>
         <load_address>0x15c8</load_address>
         <run_address>0x15c8</run_address>
         <size>0xc4</size>
         <input_file_ref idref="fl-15"/>
      </object_component>
      <object_component id="oc-9c">
         <name>.debug_line</name>
         <load_address>0x168c</load_address>
         <run_address>0x168c</run_address>
         <size>0x99</size>
         <input_file_ref idref="fl-15"/>
      </object_component>
      <object_component id="oc-2f0">
         <name>.debug_line</name>
         <load_address>0x1725</load_address>
         <run_address>0x1725</run_address>
         <size>0x99</size>
         <input_file_ref idref="fl-15"/>
      </object_component>
      <object_component id="oc-28f">
         <name>.debug_line</name>
         <load_address>0x17be</load_address>
         <run_address>0x17be</run_address>
         <size>0x99</size>
         <input_file_ref idref="fl-15"/>
      </object_component>
      <object_component id="oc-295">
         <name>.debug_line</name>
         <load_address>0x1857</load_address>
         <run_address>0x1857</run_address>
         <size>0x99</size>
         <input_file_ref idref="fl-15"/>
      </object_component>
      <object_component id="oc-22a">
         <name>.debug_line</name>
         <load_address>0x18f0</load_address>
         <run_address>0x18f0</run_address>
         <size>0x99</size>
         <input_file_ref idref="fl-15"/>
      </object_component>
      <object_component id="oc-243">
         <name>.debug_line</name>
         <load_address>0x1989</load_address>
         <run_address>0x1989</run_address>
         <size>0x99</size>
         <input_file_ref idref="fl-15"/>
      </object_component>
      <object_component id="oc-96">
         <name>.debug_line</name>
         <load_address>0x1a22</load_address>
         <run_address>0x1a22</run_address>
         <size>0xa7</size>
         <input_file_ref idref="fl-15"/>
      </object_component>
      <object_component id="oc-367">
         <name>.debug_line</name>
         <load_address>0x1ac9</load_address>
         <run_address>0x1ac9</run_address>
         <size>0x82</size>
         <input_file_ref idref="fl-16"/>
      </object_component>
      <object_component id="oc-2a1">
         <name>.debug_line</name>
         <load_address>0x1b4b</load_address>
         <run_address>0x1b4b</run_address>
         <size>0x91</size>
         <input_file_ref idref="fl-16"/>
      </object_component>
      <object_component id="oc-32d">
         <name>.debug_line</name>
         <load_address>0x1bdc</load_address>
         <run_address>0x1bdc</run_address>
         <size>0x91</size>
         <input_file_ref idref="fl-16"/>
      </object_component>
      <object_component id="oc-29b">
         <name>.debug_line</name>
         <load_address>0x1c6d</load_address>
         <run_address>0x1c6d</run_address>
         <size>0x9b</size>
         <input_file_ref idref="fl-16"/>
      </object_component>
      <object_component id="oc-2b3">
         <name>.debug_line</name>
         <load_address>0x1d08</load_address>
         <run_address>0x1d08</run_address>
         <size>0x91</size>
         <input_file_ref idref="fl-16"/>
      </object_component>
      <object_component id="oc-2a7">
         <name>.debug_line</name>
         <load_address>0x1d99</load_address>
         <run_address>0x1d99</run_address>
         <size>0x91</size>
         <input_file_ref idref="fl-16"/>
      </object_component>
      <object_component id="oc-2ad">
         <name>.debug_line</name>
         <load_address>0x1e2a</load_address>
[...]
               <start_address>0x20000000</start_address>
               <size>0x200</size>
               <logical_group_ref idref="lg-d"/>
            </allocated_space>
            <allocated_space>
               <start_address>0x20000200</start_address>
               <size>0x40</size>
               <logical_group_ref idref="lg-b"/>
            </allocated_space>
            <allocated_space>
               <start_address>0x20000240</start_address>
               <size>0x24</size>
               <logical_group_ref idref="lg-a"/>
            </allocated_space>
            <available_space>
               <start_address>0x20000264</start_address>
               <size>0x7d9c</size>
            </available_space>
         </usage_details>
      </memory_area>
   </placement_map>
   <cptbl_list>
      <cptbl>
         <name>__TI_cinit_table</name>
         <cprec>
            <name>.data</name>
            <load_address>0x1e00</load_address>
            <load_size>0xf</load_size>
            <run_address>0x20000240</run_address>
            <run_size>0x24</run_size>
            <compression>lzss</compression>
         </cprec>
         <cprec>
            <name>.bss</name>
            <load_address>0x1e20</load_address>
            <load_size>0x8</load_size>
            <run_address>0x20000200</run_address>
            <run_size>0x40</run_size>
            <compression>zero_init</compression>
         </cprec>
      </cptbl>
   </cptbl_list>
   <handler_table>
      <handler_table_name>__TI_handler_table</handler_table_name>
      <handler>
         <index>0x0</index>
         <name>__TI_decompress_lzss</name>
      </handler>
      <handler>
         <index>0x1</index>
         <name>__TI_decompress_none</name>
      </handler>
      <handler>
         <index>0x2</index>
         <name>__TI_zero_init</name>
      </handler>
   </handler_table>
   <symbol_table>
      <symbol id="sm-1">
         <name>__STACK_TOP</name>
         <value>0x20000200</value>
      </symbol>
      <symbol id="sm-2">
         <name>__start___llvm_prf_cnts</name>
         <value>0x20000000</value>
      </symbol>
      <symbol id="sm-3">
         <name>__stop___llvm_prf_cnts</name>
         <value>0x20000000</value>
      </symbol>
      <symbol id="sm-4">
         <name>__TI_CINIT_Base</name>
         <value>0x1e28</value>
      </symbol>
      <symbol id="sm-5">
         <name>__TI_CINIT_Limit</name>
         <value>0x1e38</value>
      </symbol>
      <symbol id="sm-6">
         <name>__TI_Handler_Table_Base</name>
         <value>0x1e10</value>
      </symbol>
      <symbol id="sm-7">
         <name>__TI_Handler_Table_Limit</name>
         <value>0x1e1c</value>
      </symbol>
      <symbol id="sm-8">
         <name>binit</name>
         <value>0xffffffff</value>
      </symbol>
      <symbol id="sm-9">
         <name>__binit__</name>
         <value>0xffffffff</value>
      </symbol>
      <symbol id="sm-a">
         <name>__STACK_SIZE</name>
         <value>0x200</value>
      </symbol>
      <symbol id="sm-b">
         <name>__STACK_END</name>
         <value>0x20000200</value>
      </symbol>
      <symbol id="sm-c">
         <name>__c_args__</name>
         <value>0xffffffff</value>
      </symbol>
      <symbol id="sm-d">
         <name>__TI_pprof_out_hndl</name>
         <value>0xffffffff</value>
      </symbol>
      <symbol id="sm-e">
         <name>__TI_prof_data_start</name>
         <value>0xffffffff</value>
      </symbol>
      <symbol id="sm-f">
         <name>__TI_prof_data_size</name>
         <value>0xffffffff</value>
      </symbol>
      <symbol id="sm-50">
         <name>ReadADC0</name>
         <value>0x139d</value>
         <object_component_ref idref="oc-18a"/>
      </symbol>
      <symbol id="sm-51">
         <name>ADC0Setup</name>
         <value>0x1351</value>
         <object_component_ref idref="oc-18a"/>
      </symbol>
      <symbol id="sm-67">
         <name>SetDigCntrTimerRate</name>
         <value>0x1b81</value>
         <object_component_ref idref="oc-22c"/>
      </symbol>
      <symbol id="sm-68">
         <name>DigCntrTimerSetup</name>
         <value>0x1b7f</value>
         <object_component_ref idref="oc-22c"/>
      </symbol>
      <symbol id="sm-69">
         <name>Timer0_Handler</name>
         <value>0x1b7d</value>
         <object_component_ref idref="oc-22c"/>
      </symbol>
      <symbol id="sm-72">
         <name>g_InputFlag</name>
         <value>0x20000240</value>
         <object_component_ref idref="oc-11c"/>
      </symbol>
      <symbol id="sm-73">
         <name>g_UARTInputNumber</name>
         <value>0x20000244</value>
         <object_component_ref idref="oc-11c"/>
      </symbol>
      <symbol id="sm-93">
         <name>MovAvgFilter</name>
         <value>0x11a5</value>
         <object_component_ref idref="oc-196"/>
      </symbol>
      <symbol id="sm-94">
         <name>push_front_pop_back</name>
         <value>0x1169</value>
         <object_component_ref idref="oc-196"/>
      </symbol>
      <symbol id="sm-ad">
         <name>PIUpdate</name>
         <value>0xee5</value>
         <object_component_ref idref="oc-190"/>
      </symbol>
      <symbol id="sm-c1">
         <name>SetPWMDutyCycle</name>
         <value>0x111f</value>
         <object_component_ref idref="oc-232"/>
      </symbol>
      <symbol id="sm-c2">
         <name>PWMSetup</name>
         <value>0x10b1</value>
         <object_component_ref idref="oc-232"/>
      </symbol>
      <symbol id="sm-d9">
         <name>ReadTMP102</name>
         <value>0x1011</value>
         <object_component_ref idref="oc-19c"/>
      </symbol>
      <symbol id="sm-da">
         <name>TMP102Setup</name>
         <value>0xfcd</value>
         <object_component_ref idref="oc-19c"/>
      </symbol>
      <symbol id="sm-eb">
         <name>UART0Setup</name>
         <value>0x1233</value>
         <object_component_ref idref="oc-2d"/>
      </symbol>
      <symbol id="sm-ec">
         <name>UART0_Handler</name>
         <value>0x1219</value>
         <object_component_ref idref="oc-2d"/>
      </symbol>
      <symbol id="sm-111">
         <name>UART0_OutCRLF</name>
         <value>0x8eb</value>
         <object_component_ref idref="oc-80"/>
      </symbol>
      <symbol id="sm-112">
         <name>GetUARTInputNumber</name>
         <value>0x8fb</value>
         <object_component_ref idref="oc-80"/>
      </symbol>
      <symbol id="sm-113">
         <name>SendUARTDataOut</name>
         <value>0x9d1</value>
         <object_component_ref idref="oc-80"/>
      </symbol>
      <symbol id="sm-114">
         <name>UART0_InChar</name>
         <value>0x8cd</value>
         <object_component_ref idref="oc-80"/>
      </symbol>
      <symbol id="sm-115">
         <name>UART0_OutChar</name>
         <value>0x8d9</value>
         <object_component_ref idref="oc-80"/>
      </symbol>
      <symbol id="sm-123">
         <name>initialization</name>
         <value>0x17e1</value>
         <object_component_ref idref="oc-184"/>
      </symbol>
      <symbol id="sm-131">
         <name>main</name>
         <value>0x1595</value>
         <object_component_ref idref="oc-f0"/>
      </symbol>
      <symbol id="sm-14d">
         <name>ResetISR</name>
         <value>0x1bb1</value>
         <object_component_ref idref="oc-27"/>
      </symbol>
      <symbol id="sm-14e">
         <name>g_pfnVectors</name>
         <value>0x0</value>
         <object_component_ref idref="oc-12"/>
      </symbol>
      <symbol id="sm-1be">
         <name>UARTgetc</name>
         <value>0x3bd</value>
         <object_component_ref idref="oc-aa"/>
      </symbol>
      <symbol id="sm-1bf">
         <name>UARTgets</name>
         <value>0x303</value>
         <object_component_ref idref="oc-aa"/>
      </symbol>
      <symbol id="sm-1c0">
         <name>UARTStdioConfig</name>
         <value>0x26d</value>
         <object_component_ref idref="oc-aa"/>
      </symbol>
      <symbol id="sm-1c1">
         <name>UARTwrite</name>
         <value>0x2b3</value>
         <object_component_ref idref="oc-aa"/>
      </symbol>
      <symbol id="sm-1c2">
         <name>UARTprintf</name>
         <value>0x6df</value>
         <object_component_ref idref="oc-aa"/>
      </symbol>
      <symbol id="sm-1c3">
         <name>UARTvprintf</name>
         <value>0x3e5</value>
         <object_component_ref idref="oc-aa"/>
      </symbol>
      <symbol id="sm-21c">
         <name>ADCProcessorTrigger</name>
         <value>0x1a8f</value>
         <object_component_ref idref="oc-25d"/>
      </symbol>
      <symbol id="sm-21d">
         <name>ADCSequenceEnable</name>
         <value>0x1b6f</value>
         <object_component_ref idref="oc-251"/>
      </symbol>
      <symbol id="sm-21e">
         <name>ADCSequenceConfigure</name>
         <value>0x15e9</value>
         <object_component_ref idref="oc-245"/>
      </symbol>
      <symbol id="sm-21f">
         <name>ADCSequenceStepConfigure</name>
         <value>0x13dd</value>
         <object_component_ref idref="oc-24b"/>
      </symbol>
      <symbol id="sm-220">
         <name>ADCIntClear</name>
         <value>0x1bbd</value>
         <object_component_ref idref="oc-257"/>
      </symbol>
      <symbol id="sm-221">
         <name>ADCIntStatus</name>
         <value>0x192d</value>
         <object_component_ref idref="oc-263"/>
      </symbol>
      <symbol id="sm-222">
         <name>ADCSequenceDataGet</name>
         <value>0x1a1d</value>
         <object_component_ref idref="oc-269"/>
      </symbol>
      <symbol id="sm-284">
         <name>GPIOPinTypePWM</name>
         <value>0x1ae9</value>
         <object_component_ref idref="oc-2ec"/>
      </symbol>
      <symbol id="sm-285">
         <name>GPIOPinConfigure</name>
         <value>0x1639</value>
         <object_component_ref idref="oc-92"/>
      </symbol>
      <symbol id="sm-286">
         <name>GPIOPinTypeI2CSCL</name>
         <value>0x1ad3</value>
         <object_component_ref idref="oc-28b"/>
      </symbol>
      <symbol id="sm-287">
         <name>GPIOPinTypeI2C</name>
         <value>0x1abd</value>
         <object_component_ref idref="oc-291"/>
      </symbol>
      <symbol id="sm-288">
         <name>GPIOPinTypeADC</name>
         <value>0x1aa7</value>
         <object_component_ref idref="oc-23f"/>
      </symbol>
      <symbol id="sm-289">
         <name>GPIOPinTypeUART</name>
         <value>0x1aff</value>
         <object_component_ref idref="oc-98"/>
      </symbol>
      <symbol id="sm-28a">
         <name>GPIOPinTypeGPIOOutput</name>
         <value>0x1a75</value>
         <object_component_ref idref="oc-226"/>
      </symbol>
      <symbol id="sm-28b">
         <name>GPIODirModeSet</name>
         <value>0x1989</value>
         <object_component_ref idref="oc-128"/>
      </symbol>
      <symbol id="sm-28c">
         <name>GPIOPadConfigSet</name>
         <value>0xa71</value>
         <object_component_ref idref="oc-12e"/>
      </symbol>
      <symbol id="sm-2c6">
         <name>I2CMasterInitExpClk</name>
         <value>0x1685</value>
         <object_component_ref idref="oc-297"/>
      </symbol>
      <symbol id="sm-2c7">
         <name>I2CMasterSlaveAddrSet</name>
         <value>0x1bf7</value>
         <object_component_ref idref="oc-29d"/>
      </symbol>
      <symbol id="sm-2c8">
         <name>I2CMasterDataGet</name>
         <value>0x1c11</value>
         <object_component_ref idref="oc-2af"/>
      </symbol>
      <symbol id="sm-2c9">
         <name>I2CMasterControl</name>
         <value>0x1c0d</value>
         <object_component_ref idref="oc-2a3"/>
      </symbol>
      <symbol id="sm-2ca">
         <name>I2CMasterBusy</name>
         <value>0x1bef</value>
         <object_component_ref idref="oc-2a9"/>
      </symbol>
      <symbol id="sm-2cb">
         <name>I2CMasterEnable</name>
         <value>0x1bc7</value>
         <object_component_ref idref="oc-329"/>
      </symbol>
      <symbol id="sm-304">
         <name>IntPrioritySet</name>
         <value>0x19b5</value>
         <object_component_ref idref="oc-b0"/>
      </symbol>
      <symbol id="sm-305">
         <name>IntEnable</name>
         <value>0x14c5</value>
         <object_component_ref idref="oc-bc"/>
      </symbol>
      <symbol id="sm-306">
         <name>IntMasterEnable</name>
         <value>0x1b4f</value>
         <object_component_ref idref="oc-238"/>
      </symbol>
      <symbol id="sm-333">
         <name>PWMGenPeriodSet</name>
         <value>0x1b5f</value>
         <object_component_ref idref="oc-2f8"/>
      </symbol>
      <symbol id="sm-334">
         <name>PWMPulseWidthSet</name>
         <value>0x1a3b</value>
         <object_component_ref idref="oc-2fe"/>
      </symbol>
      <symbol id="sm-335">
         <name>PWMOutputState</name>
         <value>0x1b3d</value>
         <object_component_ref idref="oc-304"/>
      </symbol>
      <symbol id="sm-336">
         <name>PWMGenEnable</name>
         <value>0x1ba5</value>
         <object_component_ref idref="oc-30a"/>
      </symbol>
      <symbol id="sm-337">
         <name>PWMGenConfigure</name>
         <value>0x19d9</value>
         <object_component_ref idref="oc-2f2"/>
      </symbol>
      <symbol id="sm-3aa">
         <name>SysCtlPeripheralPresent</name>
         <value>0x181d</value>
         <object_component_ref idref="oc-146"/>
      </symbol>
      <symbol id="sm-3ab">
         <name>SysCtlClockSet</name>
         <value>0xdf1</value>
         <object_component_ref idref="oc-220"/>
      </symbol>
      <symbol id="sm-3ac">
         <name>SysCtlDelay</name>
         <value>0x1c07</value>
         <object_component_ref idref="oc-2e2"/>
      </symbol>
      <symbol id="sm-3ad">
         <name>SysCtlPeripheralEnable</name>
         <value>0x18c5</value>
         <object_component_ref idref="oc-86"/>
      </symbol>
      <symbol id="sm-3ae">
         <name>SysCtlClockGet</name>
         <value>0xbdd</value>
         <object_component_ref idref="oc-9e"/>
      </symbol>
      <symbol id="sm-3af">
         <name>SysCtlPWMClockSet</name>
         <value>0x1b15</value>
         <object_component_ref idref="oc-2e6"/>
      </symbol>
      <symbol id="sm-3b0">
         <name>SysCtlPeripheralReady</name>
         <value>0x1855</value>
         <object_component_ref idref="oc-8c"/>
      </symbol>
      <symbol id="sm-3fb">
         <name>UARTConfigSetExpClk</name>
         <value>0x16d1</value>
         <object_component_ref idref="oc-a4"/>
      </symbol>
      <symbol id="sm-3fc">
         <name>UARTDisable</name>
         <value>0x19fd</value>
         <object_component_ref idref="oc-139"/>
      </symbol>
      <symbol id="sm-3fd">
         <name>UARTIntEnable</name>
         <value>0x1bff</value>
         <object_component_ref idref="oc-b6"/>
      </symbol>
      <symbol id="sm-3fe">
         <name>UARTCharPut</name>
         <value>0x1bdb</value>
         <object_component_ref idref="oc-115"/>
      </symbol>
      <symbol id="sm-3ff">
         <name>UARTEnable</name>
         <value>0x1b29</value>
         <object_component_ref idref="oc-13f"/>
      </symbol>
      <symbol id="sm-400">
         <name>UARTIntClear</name>
         <value>0x1c15</value>
         <object_component_ref idref="oc-7a"/>
      </symbol>
      <symbol id="sm-401">
         <name>UARTIntStatus</name>
         <value>0x1be5</value>
         <object_component_ref idref="oc-74"/>
      </symbol>
      <symbol id="sm-402">
         <name>UARTCharGet</name>
         <value>0x1bd1</value>
         <object_component_ref idref="oc-10f"/>
      </symbol>
      <symbol id="sm-40c">
         <name>CPUcpsie</name>
         <value>0x1b99</value>
         <object_component_ref idref="oc-311"/>
      </symbol>
      <symbol id="sm-423">
         <name>__aeabi_dsub</name>
         <value>0x715</value>
         <object_component_ref idref="oc-27a"/>
      </symbol>
      <symbol id="sm-424">
         <name>__aeabi_dadd</name>
         <value>0x71f</value>
         <object_component_ref idref="oc-27a"/>
      </symbol>
      <symbol id="sm-42f">
         <name>__aeabi_dmul</name>
         <value>0xcf5</value>
         <object_component_ref idref="oc-275"/>
      </symbol>
      <symbol id="sm-43b">
         <name>__aeabi_d2f</name>
         <value>0x1457</value>
         <object_component_ref idref="oc-27f"/>
      </symbol>
      <symbol id="sm-445">
         <name>__aeabi_d2uiz</name>
         <value>0x175d</value>
         <object_component_ref idref="oc-2ba"/>
      </symbol>
      <symbol id="sm-450">
         <name>__aeabi_f2d</name>
         <value>0x188d</value>
         <object_component_ref idref="oc-270"/>
      </symbol>
      <symbol id="sm-45a">
         <name>__aeabi_i2d</name>
         <value>0x195b</value>
         <object_component_ref idref="oc-2b5"/>
      </symbol>
      <symbol id="sm-469">
         <name>__aeabi_uidivmod</name>
         <value>0x17a1</value>
         <object_component_ref idref="oc-155"/>
      </symbol>
      <symbol id="sm-46a">
         <name>__aeabi_uidiv</name>
         <value>0x17a1</value>
         <object_component_ref idref="oc-155"/>
      </symbol>
      <symbol id="sm-483">
         <name>__TI_zero_init_nomemset</name>
         <value>0x1a59</value>
         <object_component_ref idref="oc-4d"/>
      </symbol>
      <symbol id="sm-49a">
         <name>__TI_decompress_none</name>
         <value>0x1b8b</value>
         <object_component_ref idref="oc-1b"/>
      </symbol>
      <symbol id="sm-4bd">
         <name>__TI_decompress_lzss</name>
         <value>0x152d</value>
         <object_component_ref idref="oc-15"/>
      </symbol>
      <symbol id="sm-4d0">
         <name>__stack</name>
         <value>0x20000000</value>
         <object_component_ref idref="oc-24"/>
      </symbol>
      <symbol id="sm-4d1">
         <name>_c_int00_noargs</name>
         <value>0x18f9</value>
         <object_component_ref idref="oc-5f"/>
      </symbol>
      <symbol id="sm-4db">
         <name>__aeabi_idiv0</name>
         <value>0x8cb</value>
         <object_component_ref idref="oc-20d"/>
      </symbol>
      <symbol id="sm-4dc">
         <name>__aeabi_ldiv0</name>
         <value>0x8cb</value>
         <object_component_ref idref="oc-20d"/>
      </symbol>
      <symbol id="sm-4f7">
         <name>memcpy</name>
         <value>0x12b5</value>
         <object_component_ref idref="oc-41"/>
      </symbol>
      <symbol id="sm-4f8">
         <name>__aeabi_memcpy</name>
         <value>0x12b5</value>
         <object_component_ref idref="oc-41"/>
      </symbol>
      <symbol id="sm-4f9">
         <name>__aeabi_memcpy8</name>
         <value>0x12b5</value>
         <object_component_ref idref="oc-41"/>
      </symbol>
      <symbol id="sm-4fa">
         <name>__aeabi_memcpy4</name>
         <value>0x12b5</value>
         <object_component_ref idref="oc-41"/>
      </symbol>
      <symbol id="sm-523">
         <name>__TI_auto_init_nobinit_nopinit</name>
         <value>0x1719</value>
         <object_component_ref idref="oc-1af"/>
      </symbol>
      <symbol id="sm-52d">
         <name>_system_pre_init</name>
         <value>0x1c19</value>
         <object_component_ref idref="oc-ea"/>
      </symbol>
      <symbol id="sm-539">
         <name>C$$EXIT</name>
         <value>0x1c1d</value>
         <object_component_ref idref="oc-1a3"/>
      </symbol>
      <symbol id="sm-53a">
         <name>abort</name>
         <value>0x1c1d</value>
         <object_component_ref idref="oc-1a3"/>
      </symbol>
      <symbol id="sm-53d">
         <name>__TI_static_base__</name>
         <value>0x0</value>
      </symbol>
      <symbol id="sm-540">
         <name>__mpu_init</name>
         <value>0x0</value>
      </symbol>
      <symbol id="sm-541">
         <name>_system_post_cinit</name>
         <value>0x0</value>
      </symbol>
   </symbol_table>
   <title>Link successful</title>
</link_info>
